student4@MIT-ICT-LAB4-01:~/Desktop/abc/Lab3$ nano first.sh 
student4@MIT-ICT-LAB4-01:~/Desktop/abc/Lab3$ bash first.sh 
Hello i'm in bash file
Enter file name
q2
first.sh: line 6: if[ -d {q2} ]: command not found
 Entered file is a directory
first.sh: line 8: syntax error near unexpected token `else'
first.sh: line 8: `else'
student4@MIT-ICT-LAB4-01:~/Desktop/abc/Lab3$ nano first.sh 
student4@MIT-ICT-LAB4-01:~/Desktop/abc/Lab3$ bash first.sh 
Hello i'm in bash file
Enter file name
q2
first.sh: line 6: syntax error near unexpected token `then'
first.sh: line 6: `if[ -d "{$name}" ];then'
student4@MIT-ICT-LAB4-01:~/Desktop/abc/Lab3$ nano first.sh 
student4@MIT-ICT-LAB4-01:~/Desktop/abc/Lab3$ bash first.sh 
Hello i'm in bash file
Enter file name
q2
first.sh: line 6: syntax error near unexpected token `then'
first.sh: line 6: `if[ -d "${name}" ];then'
student4@MIT-ICT-LAB4-01:~/Desktop/abc/Lab3$ nano first.sh 
student4@MIT-ICT-LAB4-01:~/Desktop/abc/Lab3$ bash first.sh 
Hello i'm in bash file
Enter file name
q2
 Entered file is a directory
student4@MIT-ICT-LAB4-01:~/Desktop/abc/Lab3$ nano first.sh 
student4@MIT-ICT-LAB4-01:~/Desktop/abc/Lab3$ nano first.sh 
student4@MIT-ICT-LAB4-01:~/Desktop/abc/Lab3$ bash first.sh 
Hello i'm in bash file
Enter file name
q1
 Entered file is a directory
student4@MIT-ICT-LAB4-01:~/Desktop/abc/Lab3$ bash first.sh 
Hello i'm in bash file
Enter file name
sau.txt
 Entered file is a regular file
student4@MIT-ICT-LAB4-01:~/Desktop/abc/Lab3$ bash first.sh 
Hello i'm in bash file
Enter file name
lab1q2.txt
 Entered file is a regular file
student4@MIT-ICT-LAB4-01:~/Desktop/abc/Lab3$ bash first.sh 
Hello i'm in bash file
Enter file name
newD
 Entered file is a regular file
student4@MIT-ICT-LAB4-01:~/Desktop/abc/Lab3$ bash first.sh 
Hello i'm in bash file
Enter file name
abc
 Entered file is a regular file
student4@MIT-ICT-LAB4-01:~/Desktop/abc/Lab3$ bash first.sh 
Hello i'm in bash file
Enter file name
abc
student4@MIT-ICT-LAB4-01:~/Desktop/abc/Lab3$ nano secon.sh
student4@MIT-ICT-LAB4-01:~/Desktop/abc/Lab3$ nano second.sh
student4@MIT-ICT-LAB4-01:~/Desktop/abc/Lab3$ bash second.sh 
inside second bash
enter file name
q
total 20
-rw-rw-r-- 1 student4 student4  206 Aug  9 14:58 first.sh
-rw-rw-r-- 1 student4 student4  206 Aug  9 14:58 first.sh~
drwxrwxr-x 2 student4 student4 4096 Aug  9 14:42 q1
drwxrwxr-x 2 student4 student4 4096 Aug  9 14:42 q2
-rw-rw-r-- 1 student4 student4   76 Aug  9 15:00 second.sh
student4@MIT-ICT-LAB4-01:~/Desktop/abc/Lab3$ nano second.sh
student4@MIT-ICT-LAB4-01:~/Desktop/abc/Lab3$ bash second.sh 
inside second bash
enter file name
l
first.sh
second.sh
student4@MIT-ICT-LAB4-01:~/Desktop/abc/Lab3$ cd .. | ls lab2
ls: cannot access lab2: No such file or directory
student4@MIT-ICT-LAB4-01:~/Desktop/abc/Lab3$  ls lab2 
ls: cannot access lab2: No such file or directory
student4@MIT-ICT-LAB4-01:~/Desktop/abc/Lab3$ ls lab2 -l
ls: cannot access lab2: No such file or directory
student4@MIT-ICT-LAB4-01:~/Desktop/abc/Lab3$ ls -l lab2 
ls: cannot access lab2: No such file or directory
student4@MIT-ICT-LAB4-01:~/Desktop/abc/Lab3$ ls lab2 
ls: cannot access lab2: No such file or directory
student4@MIT-ICT-LAB4-01:~/Desktop/abc/Lab3$ bash second.sh 
inside second bash
enter file name
fd
find: `*.sh': No such file or directory
student4@MIT-ICT-LAB4-01:~/Desktop/abc/Lab3$ bash second.sh 
inside second bash
enter file name
Lab2
fruitlist.txt
ITStudent.txt
newRedirect.txt
q2.txt
q3query.txt
q3.txt
sau.txt
temp.txt
student4@MIT-ICT-LAB4-01:~/Desktop/abc/Lab3$ bash second.sh 
inside second bash
enter file name
Lab2
cut: option requires an argument -- 'c'
Try 'cut --help' for more information.
student4@MIT-ICT-LAB4-01:~/Desktop/abc/Lab3$ bash second.sh 
inside second bash
enter file name
Lab2
t
-
-
-
-
-
-
-
-
-
-
-
-
-
-
-
student4@MIT-ICT-LAB4-01:~/Desktop/abc/Lab3$ bash second.sh 
inside second bash
enter file name
Lab2
second.sh: line 7: IFS: command not found
t
-
-
-
-
-
-
-
-
-
-
-
-
-
-
-
student4@MIT-ICT-LAB4-01:~/Desktop/abc/Lab3$ bash second.sh 
second.sh: line 2: IFS: command not found
inside second bash
enter file name
Lab2
t
-
-
-
-
-
-
-
-
-
-
-
-
-
-
-
student4@MIT-ICT-LAB4-01:~/Desktop/abc/Lab3$ bash second.sh 
inside second bash
enter file name
Lab2
second.sh: line 7: syntax error near unexpected token `newline'
second.sh: line 7: `ls -l | grep -E<nano>'
student4@MIT-ICT-LAB4-01:~/Desktop/abc/Lab3$ bash first.sh
Hello i'm in bash file
Enter file name
Lab2
student4@MIT-ICT-LAB4-01:~/Desktop/abc/Lab3$ ls | grep -E '[0-9]' | wc -l
2
student4@MIT-ICT-LAB4-01:~/Desktop/abc/Lab3$ killall -KILL wc
wc: no process found
student4@MIT-ICT-LAB4-01:~/Desktop/abc/Lab3$ find  *MIT*; grep -E '*MIT' MIT.txt | sed 's/MIT/Manipal Institute of Technology/' MIT.txt
find: `*MIT*': No such file or directory
sed: can't read MIT.txt: No such file or directory
grep: MIT.txt: No such file or directory
student4@MIT-ICT-LAB4-01:~/Desktop/abc/Lab3$ bash second.sh 
inside second bash
enter a string
MIT
enter file name
Lab2
MITManipal.txt
MIT.txt
student4@MIT-ICT-LAB4-01:~/Desktop/abc/Lab3$ mkdir q3
student4@MIT-ICT-LAB4-01:~/Desktop/abc/Lab3$ cd q3
student4@MIT-ICT-LAB4-01:~/Desktop/abc/Lab3/q3$ mkdir OS
student4@MIT-ICT-LAB4-01:~/Desktop/abc/Lab3/q3$ nano third.sh
student4@MIT-ICT-LAB4-01:~/Desktop/abc/Lab3/q3$ bash third.sh 
inside third script
replacing files inside OS
abctext.txt
fruitlist.txt
ITStudent.txt
student4@MIT-ICT-LAB4-01:~/Desktop/abc/Lab3/q3$ nano third.sh
student4@MIT-ICT-LAB4-01:~/Desktop/abc/Lab3/q3$ nano third.sh
student4@MIT-ICT-LAB4-01:~/Desktop/abc/Lab3/q3$ bash third.sh 
inside third script
replacing files inside OS
 
abctext.text
fruitlist.text
ITStudent.text
student4@MIT-ICT-LAB4-01:~/Desktop/abc/Lab3/q3$ 

